
> fuyuki@0.0.0 build
> tsc -b && vite build

src/components/views/StatsView.tsx(154,1): error TS1128: Declaration or statement expected.
