
> fuyuki@0.0.0 build
> tsc -b && vite build

src/components/features/combat/QuickActionsWidget.tsx(30,32): error TS2339: Property 'character' does not exist on type '{ ui: UIState; health: HealthState; warlock: WarlockState; stats: StatState; inventory: InventoryState; spellbook: EntityState<...> & { ...; }; combat: CombatState; open5eApi: CombinedState<...>; }'.
src/components/features/combat/QuickActionsWidget.tsx(33,53): error TS2339: Property 'character' does not exist on type '{ ui: UIState; health: HealthState; warlock: WarlockState; stats: StatState; inventory: InventoryState; spellbook: EntityState<...> & { ...; }; combat: CombatState; open5eApi: CombinedState<...>; }'.
src/hooks/useVoiceCommands.ts(10,8): error TS2307: Cannot find module '../store/slices/characterSlice' or its corresponding type declarations.
src/hooks/useVoiceCommands.ts(34,35): error TS18046: 'characterRef.current' is of type 'unknown'.
src/hooks/useVoiceCommands.ts(41,20): error TS18046: 'characterRef.current' is of type 'unknown'.
src/hooks/useVoiceCommands.ts(41,63): error TS18046: 'characterRef.current' is of type 'unknown'.
src/store/middleware/concentrationMiddleware.ts(17,30): error TS2339: Property 'character' does not exist on type '{ ui: UIState; health: HealthState; warlock: WarlockState; stats: StatState; inventory: InventoryState; spellbook: EntityState<...> & { ...; }; combat: CombatState; open5eApi: CombinedState<...>; }'.
src/store/middleware/concentrationMiddleware.ts(18,30): error TS2339: Property 'character' does not exist on type '{ ui: UIState; health: HealthState; warlock: WarlockState; stats: StatState; inventory: InventoryState; spellbook: EntityState<...> & { ...; }; combat: CombatState; open5eApi: CombinedState<...>; }'.
src/store/middleware/concentrationMiddleware.ts(22,40): error TS2339: Property 'character' does not exist on type '{ ui: UIState; health: HealthState; warlock: WarlockState; stats: StatState; inventory: InventoryState; spellbook: EntityState<...> & { ...; }; combat: CombatState; open5eApi: CombinedState<...>; }'.
src/store/slices/healthSlice.ts(2,25): error TS6133: 'AbilityKey' is declared but its value is never read.
src/store/slices/persistenceMiddleware.ts(18,49): error TS18046: 'action.type' is of type 'unknown'.
src/store/slices/persistenceMiddleware.ts(20,58): error TS2345: Argument of type 'unknown' is not assignable to parameter of type 'string'.
src/store/slices/persistenceMiddleware.ts(36,59): error TS2345: Argument of type 'EntityState<Minion, string> & object' is not assignable to parameter of type 'Minion[]'.
  Type 'EntityState<Minion, string>' is missing the following properties from type 'Minion[]': length, pop, push, concat, and 29 more.
src/store/slices/persistenceMiddleware.ts(40,59): error TS2345: Argument of type 'EntityState<Minion, string> & object' is not assignable to parameter of type 'Minion[]'.
  Type 'EntityState<Minion, string>' is missing the following properties from type 'Minion[]': length, pop, push, concat, and 29 more.
src/store/slices/statSlice.ts(5,1): error TS6133: 'recalculateDerivedCharacterData' is declared but its value is never read.
src/test/characterSlice.test.ts(7,8): error TS2307: Cannot find module '../store/slices/characterSlice' or its corresponding type declarations.
src/test/MinionDrawer.test.tsx(8,30): error TS2307: Cannot find module '../store/slices/characterSlice' or its corresponding type declarations.
