3:16:32 pm - Projects in this build: 
    * tsconfig.app.json
    * tsconfig.node.json
    * tsconfig.json

3:16:32 pm - Project 'tsconfig.app.json' is out of date because buildinfo file 'node_modules/.tmp/tsconfig.app.tsbuildinfo' indicates that program needs to report errors.

3:16:32 pm - Building project 'C:/Users/Jihye/fuyuki/tsconfig.app.json'...

src/App.tsx(17,51): error TS6196: 'InventoryItem' is declared but never used.
src/components/layout/TabRouter.tsx(12,42): error TS6196: 'InventoryItem' is declared but never used.
3:16:35 pm - Project 'tsconfig.node.json' is out of date because output file 'vite.config.js' does not exist

3:16:35 pm - Building project 'C:/Users/Jihye/fuyuki/tsconfig.node.json'...

